// Jest Snapshot v1, https://goo.gl/fbAQLP

exports[`Wallet Option renders default state 1`] = `
.c1 {
  display: -webkit-box;
  display: -webkit-flex;
  display: -ms-flexbox;
  display: flex;
  -webkit-flex-flow: column nowrap;
  -ms-flex-flow: column nowrap;
  flex-flow: column nowrap;
  -webkit-flex-direction: row;
  -ms-flex-direction: row;
  flex-direction: row;
  -webkit-align-items: center;
  -webkit-box-align: center;
  -ms-flex-align: center;
  align-items: center;
}

.c0 {
  -webkit-align-items: center;
  -webkit-box-align: center;
  -ms-flex-align: center;
  align-items: center;
  background-color: unset;
  border: none;
  cursor: pointer;
  display: -webkit-box;
  display: -webkit-flex;
  display: -ms-flexbox;
  display: flex;
  -webkit-flex: 1 1 auto;
  -ms-flex: 1 1 auto;
  flex: 1 1 auto;
  -webkit-flex-direction: row;
  -ms-flex-direction: row;
  flex-direction: row;
  -webkit-box-pack: justify;
  -webkit-justify-content: space-between;
  -ms-flex-pack: justify;
  justify-content: space-between;
  opacity: 1;
  padding: 18px;
  -webkit-transition: 125ms;
  transition: 125ms;
}

.c3 {
  display: -webkit-box;
  display: -webkit-flex;
  display: -ms-flexbox;
  display: flex;
  -webkit-flex-flow: row nowrap;
  -ms-flex-flow: row nowrap;
  flex-flow: row nowrap;
  -webkit-align-items: center;
  -webkit-box-align: center;
  -ms-flex-align: center;
  align-items: center;
  -webkit-box-pack: center;
  -webkit-justify-content: center;
  -ms-flex-pack: center;
  justify-content: center;
  color: #222222;
  font-size: 16px;
  font-weight: 535;
  padding: 0 8px;
}

.c2 {
  display: -webkit-box;
  display: -webkit-flex;
  display: -ms-flexbox;
  display: flex;
  -webkit-flex-flow: column nowrap;
  -ms-flex-flow: column nowrap;
  flex-flow: column nowrap;
  -webkit-align-items: center;
  -webkit-box-align: center;
  -ms-flex-align: center;
  align-items: center;
  -webkit-box-pack: center;
  -webkit-justify-content: center;
  -ms-flex-pack: center;
  justify-content: center;
}

.c2 img {
<<<<<<< HEAD:src/components/WalletModal/__snapshots__/Option.test.tsx.snap
  border: 1px solid #D2D9EE;
  border-radius: 5px;
=======
  border: 1px solid #22222212;
  border-radius: 12px;
>>>>>>> 18fd136a76bbfa36a06352c87bde60ff3ffe6bce:apps/web/src/components/WalletModal/__snapshots__/Option.test.tsx.snap
}

.c2 > img,
.c2 span {
  height: 40px;
  width: 40px;
}

@media (max-width:960px) {
  .c2 {
    -webkit-align-items: flex-end;
    -webkit-box-align: flex-end;
    -ms-flex-align: flex-end;
    align-items: flex-end;
  }
}

<button
  class="c0"
  data-testid="wallet-option-UNISWAP_WALLET_V2"
>
  <div
    class="c1"
  >
    <div
      class="c2"
    >
      <img
        alt="Mock Connection 1"
        src="uniwallet.png"
      />
    </div>
    <div
      class="c3"
    >
      Mock Connection 1
    </div>
  </div>
</button>
`;
